---
source: web/web_common/synql/tests/test_workspace_generation.rs
expression: normalized_output
---
[TEMP_DIR]/synql_workspace
    /Cargo.toml
    /rustfmt.toml
    /synql-workspace-comments
        /Cargo.toml
        /src
            /lib.rs
    /synql-workspace-extended_comments
        /Cargo.toml
        /src
            /lib.rs
    /synql-workspace-users
        /Cargo.toml
        /src
            /lib.rs
